[2025-08-18 20:42:12,460][__main__][INFO] - # of nodes: 1
[2025-08-18 20:42:12,468][__main__][INFO] - Resume state: False, None
[2025-08-18 20:42:12,468][__main__][INFO] - Instantiating wandb ...
[2025-08-18 20:42:19,121][tactile_ssl.utils.logging][WARNING] - Field 'model' not found in config. Skipping 'model' config printing...
[2025-08-18 20:42:20,362][__main__][INFO] - Instantiating dataset & dataloaders for <['d360']>
[2025-08-18 20:42:20,573][tactile_ssl.data.d360.d360][INFO] - Loading /fsx-gum/shared/datasets/d360/ssl/d360/20240601-fre-metahand/0-knife/seqs/0-knife-cut-cake
[2025-08-18 20:42:26,761][tactile_ssl.data.d360.d360][WARNING] - Ignore d360_1 due to missing data
[2025-08-18 20:42:32,064][tactile_ssl.data.d360.d360][INFO] - Loaded /fsx-gum/shared/datasets/d360/ssl/d360/20240601-fre-metahand/0-knife/seqs/0-knife-cut-cake
[2025-08-18 20:44:54,889][__main__][INFO] - # of nodes: 1
[2025-08-18 20:44:54,896][__main__][INFO] - Resume state: False, None
[2025-08-18 20:44:54,896][__main__][INFO] - Instantiating wandb ...
[2025-08-18 20:45:00,966][tactile_ssl.utils.logging][WARNING] - Field 'model' not found in config. Skipping 'model' config printing...
[2025-08-18 20:45:02,365][__main__][INFO] - Instantiating dataset & dataloaders for <['d360']>
[2025-08-18 20:45:02,572][tactile_ssl.data.d360.d360][INFO] - Loading /fsx-gum/shared/datasets/d360/ssl/d360/20240601-fre-metahand/0-knife/seqs/0-knife-cut-cake
[2025-08-18 20:45:08,010][tactile_ssl.data.d360.d360][WARNING] - Ignore d360_1 due to missing data
[2025-08-18 20:45:13,504][tactile_ssl.data.d360.d360][INFO] - Loaded /fsx-gum/shared/datasets/d360/ssl/d360/20240601-fre-metahand/0-knife/seqs/0-knife-cut-cake
[2025-08-18 20:45:13,999][tactile_ssl.data.d360.d360][INFO] - Loading /fsx-gum/shared/datasets/d360/ssl/d360/20240905-fre-trash_picker/1-plastic_lego/seqs/0-plastic_lego-pick-none
[2025-08-18 20:45:14,136][tactile_ssl.data.d360.d360][WARNING] - Ignore d360_0 due to missing data
[2025-08-18 20:45:14,235][tactile_ssl.data.d360.d360][INFO] - Loaded /fsx-gum/shared/datasets/d360/ssl/d360/20240905-fre-trash_picker/1-plastic_lego/seqs/0-plastic_lego-pick-none
[2025-08-18 20:48:20,560][__main__][INFO] - # of nodes: 1
[2025-08-18 20:48:20,568][__main__][INFO] - Resume state: False, None
[2025-08-18 20:48:20,568][__main__][INFO] - Instantiating wandb ...
[2025-08-18 20:48:28,033][tactile_ssl.utils.logging][WARNING] - Field 'model' not found in config. Skipping 'model' config printing...
[2025-08-18 20:48:34,495][__main__][INFO] - Instantiating dataset & dataloaders for <['d360']>
[2025-08-18 20:48:34,752][tactile_ssl.data.d360.d360][INFO] - Loading /fsx-gum/shared/datasets/d360/ssl/d360/20240601-fre-metahand/0-knife/seqs/0-knife-cut-cake
[2025-08-18 20:48:40,369][tactile_ssl.data.d360.d360][WARNING] - Ignore d360_1 due to missing data
[2025-08-18 20:48:46,116][tactile_ssl.data.d360.d360][INFO] - Loaded /fsx-gum/shared/datasets/d360/ssl/d360/20240601-fre-metahand/0-knife/seqs/0-knife-cut-cake
[2025-08-18 20:48:46,712][tactile_ssl.data.d360.d360][INFO] - Loading /fsx-gum/shared/datasets/d360/ssl/d360/20240601-fre-metahand/1-knife/seqs/0-knife-cut-cake
[2025-08-18 20:48:50,807][tactile_ssl.data.d360.d360][WARNING] - Ignore d360_1 due to missing data
[2025-08-18 20:48:54,431][tactile_ssl.data.d360.d360][INFO] - Loaded /fsx-gum/shared/datasets/d360/ssl/d360/20240601-fre-metahand/1-knife/seqs/0-knife-cut-cake
[2025-08-18 20:48:54,710][tactile_ssl.data.d360.d360][INFO] - Loading /fsx-gum/shared/datasets/d360/ssl/d360/20240601-fre-metahand/2-knife/seqs/0-knife-cut-cake
[2025-08-18 20:48:56,554][tactile_ssl.data.d360.d360][WARNING] - Ignore d360_1 due to missing data
[2025-08-18 20:48:58,294][tactile_ssl.data.d360.d360][INFO] - Loaded /fsx-gum/shared/datasets/d360/ssl/d360/20240601-fre-metahand/2-knife/seqs/0-knife-cut-cake
[2025-08-18 20:48:58,509][tactile_ssl.data.d360.d360][INFO] - Loading /fsx-gum/shared/datasets/d360/ssl/d360/20240601-fre-metahand/3-knife/seqs/0-knife-cut-cake
[2025-08-18 20:49:00,331][tactile_ssl.data.d360.d360][WARNING] - Ignore d360_1 due to missing data
[2025-08-18 20:49:01,862][tactile_ssl.data.d360.d360][INFO] - Loaded /fsx-gum/shared/datasets/d360/ssl/d360/20240601-fre-metahand/3-knife/seqs/0-knife-cut-cake
[2025-08-18 20:49:02,142][tactile_ssl.data.d360.d360][INFO] - Loading /fsx-gum/shared/datasets/d360/ssl/d360/20240601-fre-metahand/4-knife/seqs/0-knife-cut-cake
[2025-08-18 20:49:08,577][tactile_ssl.data.d360.d360][WARNING] - Ignore d360_1 due to missing data
[2025-08-18 20:49:14,057][tactile_ssl.data.d360.d360][INFO] - Loaded /fsx-gum/shared/datasets/d360/ssl/d360/20240601-fre-metahand/4-knife/seqs/0-knife-cut-cake
[2025-08-18 20:49:14,343][tactile_ssl.data.d360.d360][INFO] - Loading /fsx-gum/shared/datasets/d360/ssl/d360/20240601-fre-metahand/5-knife/seqs/0-knife-cut_air-cake
[2025-08-18 20:49:19,327][tactile_ssl.data.d360.d360][WARNING] - Ignore d360_1 due to missing data
[2025-08-18 20:49:24,174][tactile_ssl.data.d360.d360][INFO] - Loaded /fsx-gum/shared/datasets/d360/ssl/d360/20240601-fre-metahand/5-knife/seqs/0-knife-cut_air-cake
[2025-08-18 20:49:24,443][tactile_ssl.data.d360.d360][INFO] - Loading /fsx-gum/shared/datasets/d360/ssl/d360/20240905-fre-trash_picker/1-plastic_lego/seqs/0-plastic_lego-pick-none
[2025-08-18 20:49:24,559][tactile_ssl.data.d360.d360][WARNING] - Ignore d360_0 due to missing data
[2025-08-18 20:49:24,647][tactile_ssl.data.d360.d360][INFO] - Loaded /fsx-gum/shared/datasets/d360/ssl/d360/20240905-fre-trash_picker/1-plastic_lego/seqs/0-plastic_lego-pick-none
[2025-08-18 20:49:28,230][__main__][INFO] - Instantiating algorithm <tactile_ssl.algorithm.D360DINOModule>
[2025-08-18 20:49:28,791][tactile_ssl.model.multimodal_transformer][INFO] - using MLP layer as FFN
[2025-08-18 20:49:29,978][tactile_ssl.model.multimodal_transformer][INFO] - using MLP layer as FFN
[2025-08-18 20:49:32,712][tactile_ssl.algorithm.multimodal_dino][INFO] - num decayed parameter tensors: 203, with 43,536,896 parameters
[2025-08-18 20:49:32,713][tactile_ssl.algorithm.multimodal_dino][INFO] - num non-decayed parameter tensors: 499, with 145,664 parameters
